// Vitest Snapshot v1, https://vitest.dev/guide/snapshot.html

exports[`parseChartModule > loads a trusted local TS chart module and returns a normalized AST 1`] = `
{
  "id": "review-and-fix",
  "initial": "research",
  "kind": "chart",
  "states": {
    "approval": {
      "action": {
        "kind": "user",
        "options": [
          "APPROVED",
          "REJECTED",
        ],
        "prompt": "Apply changes?",
        "uid": {
          "action": "user",
          "chart": "review-and-fix",
          "state": "approval",
        },
      },
      "id": "approval",
      "kind": "state",
      "transitions": {
        "APPROVED": "done",
        "REJECTED": "implement",
      },
    },
    "done": {
      "id": "done",
      "kind": "final",
    },
    "failed": {
      "id": "failed",
      "kind": "final",
    },
    "implement": {
      "action": {
        "kind": "agent",
        "name": "coder",
        "uid": {
          "action": "agent",
          "chart": "review-and-fix",
          "state": "implement",
        },
      },
      "id": "implement",
      "kind": "state",
      "transitions": {
        "FAILED": "failed",
        "IMPLEMENTED": "approval",
      },
    },
    "plan": {
      "action": {
        "input": [Function],
        "kind": "agent",
        "name": "planner",
        "output": {
          "kind": "jsonSchema",
          "schema": {
            "properties": {
              "steps": {
                "items": {
                  "type": "string",
                },
                "type": "array",
              },
            },
            "required": [
              "steps",
            ],
            "type": "object",
          },
        },
        "uid": {
          "action": "agent",
          "chart": "review-and-fix",
          "state": "plan",
        },
      },
      "id": "plan",
      "kind": "state",
      "transitions": {
        "FAILED": "failed",
        "PLAN_READY": "implement",
      },
    },
    "research": {
      "action": {
        "input": [Function],
        "kind": "agent",
        "name": "researcher",
        "output": {
          "kind": "jsonSchema",
          "schema": {
            "properties": {
              "summary": {
                "type": "string",
              },
            },
            "required": [
              "summary",
            ],
            "type": "object",
          },
        },
        "uid": {
          "action": "agent",
          "chart": "review-and-fix",
          "state": "research",
        },
      },
      "id": "research",
      "kind": "state",
      "transitions": {
        "FAILED": "failed",
        "RESEARCH_READY": "plan",
      },
    },
  },
}
`;
