// Vitest Snapshot v1, https://vitest.dev/guide/snapshot.html

exports[`parseChartModule > loads a trusted local TS chart module and returns a normalized AST 1`] = `
{
  "actors": {},
  "id": "review-and-fix",
  "initial": "research",
  "kind": "chart",
  "states": {
    "approval": {
      "action": {
        "kind": "user",
        "options": [
          "APPROVED",
          "REJECTED",
        ],
        "prompt": {
          "kind": "template",
          "refs": [],
          "strings": [
            "Apply changes?",
          ],
        },
        "uid": {
          "action": "user",
          "chart": "review-and-fix",
          "state": "approval",
        },
      },
      "id": "approval",
      "kind": "state",
      "transitions": {
        "APPROVED": {
          "target": "done",
        },
        "REJECTED": {
          "target": "implement",
        },
      },
    },
    "done": {
      "id": "done",
      "kind": "final",
      "outcome": "complete",
    },
    "implement": {
      "action": {
        "kind": "agent",
        "name": "coder",
        "uid": {
          "action": "agent",
          "chart": "review-and-fix",
          "state": "implement",
        },
      },
      "id": "implement",
      "kind": "state",
      "transitions": {
        "IMPLEMENTED": {
          "target": "approval",
        },
      },
    },
    "plan": {
      "action": {
        "kind": "agent",
        "name": "planner",
        "reply": {
          "kind": "jsonSchema",
          "schema": {
            "$schema": "https://json-schema.org/draft/2020-12/schema",
            "additionalProperties": false,
            "properties": {
              "steps": {
                "items": {
                  "type": "string",
                },
                "type": "array",
              },
            },
            "required": [
              "steps",
            ],
            "type": "object",
          },
        },
        "uid": {
          "action": "agent",
          "chart": "review-and-fix",
          "state": "plan",
        },
      },
      "id": "plan",
      "kind": "state",
      "transitions": {
        "PLAN_READY": {
          "target": "implement",
        },
      },
    },
    "research": {
      "action": {
        "kind": "agent",
        "name": "researcher",
        "reply": {
          "kind": "jsonSchema",
          "schema": {
            "$schema": "https://json-schema.org/draft/2020-12/schema",
            "additionalProperties": false,
            "properties": {
              "summary": {
                "type": "string",
              },
            },
            "required": [
              "summary",
            ],
            "type": "object",
          },
        },
        "uid": {
          "action": "agent",
          "chart": "review-and-fix",
          "state": "research",
        },
      },
      "id": "research",
      "kind": "state",
      "transitions": {
        "RESEARCH_READY": {
          "target": "plan",
        },
      },
    },
  },
}
`;
